// Jest Snapshot v1, https://goo.gl/fbAQLP

exports[`Add Note Page renders correctly 1`] = `
<View
  style={
    Object {
      "backgroundColor": "#2c3e50",
      "flex": 1,
    }
  }
  testID="add-edit-page"
>
  <View
    style={
      Object {
        "alignItems": "center",
        "flexGrow": 1,
        "justifyContent": "center",
      }
    }
  >
    <TextInput
      allowFontScaling={true}
      maxLength={100}
      multiline={true}
      numberOfLines={2}
      onChangeText={[Function]}
      placeholder="Title"
      rejectResponderTermination={true}
      style={
        Object {
          "backgroundColor": "white",
          "borderRadius": 20,
          "color": "#2c3e50",
          "fontSize": 20,
          "height": 80,
          "marginBottom": 20,
          "padding": 10,
          "paddingTop": 20,
          "width": "80%",
        }
      }
      testID="input-title"
      underlineColorAndroid="transparent"
    />
    <TextInput
      allowFontScaling={true}
      maxLength={1000}
      multiline={true}
      numberOfLines={10}
      onChangeText={[Function]}
      placeholder="Body"
      rejectResponderTermination={true}
      style={
        Object {
          "backgroundColor": "white",
          "borderRadius": 20,
          "color": "#2c3e50",
          "fontSize": 20,
          "height": 200,
          "marginBottom": 20,
          "padding": 10,
          "paddingTop": 20,
          "textAlignVertical": "top",
          "width": "80%",
        }
      }
      testID="input-description"
      underlineColorAndroid="transparent"
    />
    <View
      accessible={true}
      focusable={true}
      onClick={[Function]}
      onResponderGrant={[Function]}
      onResponderMove={[Function]}
      onResponderRelease={[Function]}
      onResponderTerminate={[Function]}
      onResponderTerminationRequest={[Function]}
      onStartShouldSetResponder={[Function]}
      style={
        Object {
          "backgroundColor": "#2980b6",
          "borderRadius": 20,
          "opacity": 1,
          "paddingVertical": 15,
          "width": "80%",
        }
      }
      testID="submit-button"
    >
      <Text
        style={
          Object {
            "color": "#fff",
            "fontWeight": "700",
            "textAlign": "center",
          }
        }
        testID="button-text"
      >
        Add Note
      </Text>
    </View>
    <View
      accessible={true}
      focusable={true}
      onClick={[Function]}
      onResponderGrant={[Function]}
      onResponderMove={[Function]}
      onResponderRelease={[Function]}
      onResponderTerminate={[Function]}
      onResponderTerminationRequest={[Function]}
      onStartShouldSetResponder={[Function]}
      style={
        Object {
          "alignItems": "center",
          "backgroundColor": "#000",
          "borderRadius": 25,
          "height": 50,
          "justifyContent": "center",
          "marginTop": 20,
          "opacity": 1,
          "position": "absolute",
          "right": 20,
          "top": 40,
          "width": 50,
        }
      }
      testID="close-button"
    >
      <Text
        style={
          Object {
            "color": "#fff",
            "fontWeight": "700",
            "textAlign": "center",
          }
        }
      >
        X
      </Text>
    </View>
  </View>
</View>
`;
